[e2e-gateway] 14:06:33 reset environment
[e2e-gateway] 14:06:33 starting rabbitmq + gateway
 rabbitmq Pulling 
 97dd3f0ce510 Pulling fs layer 
 4a669bc3e1dd Pulling fs layer 
 908453a3b3f1 Pulling fs layer 
 dee3d7bda3a2 Pulling fs layer 
 b0dce9f9a25e Pulling fs layer 
 4d707a369044 Pulling fs layer 
 ba58438a193e Pulling fs layer 
 2b6c30257d7d Pulling fs layer 
 c64be2c4c916 Pulling fs layer 
 e93d97eeeeb8 Pulling fs layer 
 4d707a369044 Waiting 
 ba58438a193e Waiting 
 2b6c30257d7d Waiting 
 c64be2c4c916 Waiting 
 e93d97eeeeb8 Waiting 
 b0dce9f9a25e Waiting 
 dee3d7bda3a2 Waiting 
 908453a3b3f1 Downloading [>                                                  ]  71.61kB/7.148MB
 908453a3b3f1 Downloading [=>                                                 ]  217.8kB/7.148MB
 4a669bc3e1dd Downloading [>                                                  ]    426kB/41.51MB
 908453a3b3f1 Downloading [==>                                                ]  294.9kB/7.148MB
 97dd3f0ce510 Downloading [>                                                  ]  303.9kB/28.86MB
 908453a3b3f1 Downloading [===>                                               ]  540.7kB/7.148MB
 4a669bc3e1dd Downloading [=>                                                 ]    852kB/41.51MB
 908453a3b3f1 Downloading [====>                                              ]  622.6kB/7.148MB
 97dd3f0ce510 Downloading [=>                                                 ]  606.2kB/28.86MB
 908453a3b3f1 Downloading [=====>                                             ]  786.4kB/7.148MB
 4a669bc3e1dd Downloading [=>                                                 ]  1.278MB/41.51MB
 97dd3f0ce510 Downloading [=>                                                 ]  901.1kB/28.86MB
 908453a3b3f1 Downloading [=======>                                           ]  1.032MB/7.148MB
 4a669bc3e1dd Downloading [==>                                                ]  1.704MB/41.51MB
 908453a3b3f1 Downloading [========>                                          ]  1.278MB/7.148MB
 97dd3f0ce510 Downloading [==>                                                ]  1.196MB/28.86MB
 908453a3b3f1 Downloading [==========>                                        ]  1.442MB/7.148MB
 4a669bc3e1dd Downloading [==>                                                ]   2.13MB/41.51MB
 908453a3b3f1 Downloading [===========>                                       ]  1.606MB/7.148MB
 97dd3f0ce510 Downloading [==>                                                ]  1.491MB/28.86MB
 908453a3b3f1 Downloading [============>                                      ]  1.851MB/7.148MB
 4a669bc3e1dd Downloading [===>                                               ]  2.556MB/41.51MB
 97dd3f0ce510 Downloading [===>                                               ]  1.786MB/28.86MB
 908453a3b3f1 Downloading [==============>                                    ]  2.015MB/7.148MB
 908453a3b3f1 Downloading [===============>                                   ]  2.179MB/7.148MB
 4a669bc3e1dd Downloading [===>                                               ]  2.982MB/41.51MB
 97dd3f0ce510 Downloading [===>                                               ]  2.081MB/28.86MB
 908453a3b3f1 Downloading [================>                                  ]  2.343MB/7.148MB
 4a669bc3e1dd Downloading [====>                                              ]  3.408MB/41.51MB
 97dd3f0ce510 Downloading [====>                                              ]  2.376MB/28.86MB
 908453a3b3f1 Downloading [==================>                                ]  2.589MB/7.148MB
 908453a3b3f1 Downloading [===================>                               ]  2.753MB/7.148MB
 4a669bc3e1dd Downloading [====>                                              ]  3.834MB/41.51MB
 97dd3f0ce510 Downloading [====>                                              ]  2.671MB/28.86MB
 908453a3b3f1 Downloading [====================>                              ]  2.916MB/7.148MB
 908453a3b3f1 Downloading [=====================>                             ]   3.08MB/7.148MB
 97dd3f0ce510 Downloading [=====>                                             ]  2.966MB/28.86MB
 4a669bc3e1dd Downloading [=====>                                             ]   4.26MB/41.51MB
 908453a3b3f1 Downloading [=======================>                           ]  3.326MB/7.148MB
 908453a3b3f1 Downloading [========================>                          ]   3.49MB/7.148MB
 97dd3f0ce510 Downloading [=====>                                             ]   3.26MB/28.86MB
 4a669bc3e1dd Downloading [=====>                                             ]  4.686MB/41.51MB
 908453a3b3f1 Downloading [=========================>                         ]  3.654MB/7.148MB
 908453a3b3f1 Downloading [==========================>                        ]  3.817MB/7.148MB
 97dd3f0ce510 Downloading [======>                                            ]  3.555MB/28.86MB
 4a669bc3e1dd Downloading [======>                                            ]  5.112MB/41.51MB
 908453a3b3f1 Downloading [===========================>                       ]  3.981MB/7.148MB
 97dd3f0ce510 Downloading [======>                                            ]   3.85MB/28.86MB
 4a669bc3e1dd Downloading [======>                                            ]  5.538MB/41.51MB
 908453a3b3f1 Downloading [=============================>                     ]  4.227MB/7.148MB
 97dd3f0ce510 Downloading [=======>                                           ]  4.145MB/28.86MB
 908453a3b3f1 Downloading [===============================>                   ]  4.473MB/7.148MB
 4a669bc3e1dd Downloading [=======>                                           ]  5.964MB/41.51MB
 908453a3b3f1 Downloading [================================>                  ]  4.637MB/7.148MB
 908453a3b3f1 Downloading [=================================>                 ]  4.801MB/7.148MB
 97dd3f0ce510 Downloading [=======>                                           ]   4.44MB/28.86MB
 4a669bc3e1dd Downloading [=======>                                           ]   6.39MB/41.51MB
 97dd3f0ce510 Downloading [========>                                          ]  4.735MB/28.86MB
 908453a3b3f1 Downloading [===================================>               ]  5.046MB/7.148MB
 4a669bc3e1dd Downloading [========>                                          ]  6.816MB/41.51MB
 908453a3b3f1 Downloading [=====================================>             ]  5.292MB/7.148MB
 97dd3f0ce510 Downloading [========>                                          ]   5.03MB/28.86MB
 908453a3b3f1 Downloading [=====================================>             ]  5.374MB/7.148MB
 4a669bc3e1dd Downloading [========>                                          ]  7.242MB/41.51MB
 97dd3f0ce510 Downloading [=========>                                         ]  5.325MB/28.86MB
 908453a3b3f1 Downloading [=======================================>           ]   5.62MB/7.148MB
 908453a3b3f1 Downloading [========================================>          ]  5.784MB/7.148MB
 4a669bc3e1dd Downloading [=========>                                         ]  7.663MB/41.51MB
 97dd3f0ce510 Downloading [=========>                                         ]   5.62MB/28.86MB
 908453a3b3f1 Downloading [=========================================>         ]  5.865MB/7.148MB
 908453a3b3f1 Downloading [==========================================>        ]  6.029MB/7.148MB
 4a669bc3e1dd Downloading [=========>                                         ]  8.089MB/41.51MB
 97dd3f0ce510 Downloading [==========>                                        ]  5.915MB/28.86MB
 908453a3b3f1 Downloading [===========================================>       ]  6.193MB/7.148MB
 4a669bc3e1dd Downloading [==========>                                        ]  8.515MB/41.51MB
 908453a3b3f1 Downloading [=============================================>     ]  6.521MB/7.148MB
 908453a3b3f1 Downloading [==============================================>    ]  6.685MB/7.148MB
 4a669bc3e1dd Downloading [==========>                                        ]  8.941MB/41.51MB
 97dd3f0ce510 Downloading [===========>                                       ]  6.504MB/28.86MB
 908453a3b3f1 Downloading [================================================>  ]  6.925MB/7.148MB
 97dd3f0ce510 Downloading [===========>                                       ]  6.799MB/28.86MB
 4a669bc3e1dd Downloading [===========>                                       ]  9.367MB/41.51MB
 908453a3b3f1 Downloading [=================================================> ]  7.089MB/7.148MB
 908453a3b3f1 Download complete 
 97dd3f0ce510 Downloading [============>                                      ]  7.094MB/28.86MB
 4a669bc3e1dd Downloading [===========>                                       ]  9.793MB/41.51MB
 97dd3f0ce510 Downloading [============>                                      ]  7.384MB/28.86MB
 4a669bc3e1dd Downloading [============>                                      ]  10.22MB/41.51MB
 97dd3f0ce510 Downloading [=============>                                     ]  7.679MB/28.86MB
 4a669bc3e1dd Downloading [============>                                      ]  10.64MB/41.51MB
 97dd3f0ce510 Downloading [=============>                                     ]  7.974MB/28.86MB
 97dd3f0ce510 Downloading [==============>                                    ]  8.269MB/28.86MB
 4a669bc3e1dd Downloading [=============>                                     ]  11.07MB/41.51MB
 97dd3f0ce510 Downloading [==============>                                    ]  8.564MB/28.86MB
 4a669bc3e1dd Downloading [=============>                                     ]   11.5MB/41.51MB
 97dd3f0ce510 Downloading [===============>                                   ]  8.859MB/28.86MB
 4a669bc3e1dd Downloading [==============>                                    ]  11.92MB/41.51MB
 97dd3f0ce510 Downloading [===============>                                   ]  9.154MB/28.86MB
 4a669bc3e1dd Downloading [==============>                                    ]  12.35MB/41.51MB
 97dd3f0ce510 Downloading [================>                                  ]  9.449MB/28.86MB
 4a669bc3e1dd Downloading [===============>                                   ]  12.78MB/41.51MB
 97dd3f0ce510 Downloading [================>                                  ]  9.743MB/28.86MB
 dee3d7bda3a2 Downloading [=====>                                             ]     953B/9.41kB
 dee3d7bda3a2 Downloading [==================================================>]   9.41kB/9.41kB
 dee3d7bda3a2 Verifying Checksum 
 dee3d7bda3a2 Download complete 
 4a669bc3e1dd Downloading [===============>                                   ]  13.21MB/41.51MB
 97dd3f0ce510 Downloading [=================>                                 ]  10.04MB/28.86MB
 4a669bc3e1dd Downloading [================>                                  ]  13.63MB/41.51MB
 97dd3f0ce510 Downloading [=================>                                 ]  10.33MB/28.86MB
 4a669bc3e1dd Downloading [================>                                  ]  14.06MB/41.51MB
 97dd3f0ce510 Downloading [==================>                                ]  10.63MB/28.86MB
 97dd3f0ce510 Downloading [==================>                                ]  10.92MB/28.86MB
 4a669bc3e1dd Downloading [=================>                                 ]  14.48MB/41.51MB
 4a669bc3e1dd Downloading [=================>                                 ]  14.91MB/41.51MB
 97dd3f0ce510 Downloading [===================>                               ]  11.22MB/28.86MB
 97dd3f0ce510 Downloading [===================>                               ]  11.51MB/28.86MB
 4a669bc3e1dd Downloading [==================>                                ]  15.34MB/41.51MB
 97dd3f0ce510 Downloading [====================>                              ]  11.81MB/28.86MB
 4a669bc3e1dd Downloading [==================>                                ]  15.76MB/41.51MB
 97dd3f0ce510 Downloading [====================>                              ]   12.1MB/28.86MB
 4a669bc3e1dd Downloading [===================>                               ]  16.19MB/41.51MB
 97dd3f0ce510 Downloading [=====================>                             ]   12.4MB/28.86MB
 4a669bc3e1dd Downloading [====================>                              ]  16.61MB/41.51MB
 97dd3f0ce510 Downloading [=====================>                             ]  12.69MB/28.86MB
 4a669bc3e1dd Downloading [====================>                              ]  17.04MB/41.51MB
 97dd3f0ce510 Downloading [======================>                            ]  12.99MB/28.86MB
 4a669bc3e1dd Downloading [=====================>                             ]  17.47MB/41.51MB
 97dd3f0ce510 Downloading [=======================>                           ]  13.28MB/28.86MB
 b0dce9f9a25e Downloading [>                                                  ]  215.7kB/21.22MB
 4a669bc3e1dd Downloading [=====================>                             ]  17.89MB/41.51MB
 97dd3f0ce510 Downloading [=======================>                           ]  13.58MB/28.86MB
 b0dce9f9a25e Downloading [=>                                                 ]  442.4kB/21.22MB
 97dd3f0ce510 Downloading [========================>                          ]  13.87MB/28.86MB
 b0dce9f9a25e Downloading [==>                                                ]  868.4kB/21.22MB
 4a669bc3e1dd Downloading [======================>                            ]  18.32MB/41.51MB
 b0dce9f9a25e Downloading [===>                                               ]  1.294MB/21.22MB
 97dd3f0ce510 Downloading [========================>                          ]  14.17MB/28.86MB
 b0dce9f9a25e Downloading [====>                                              ]   1.72MB/21.22MB
 4a669bc3e1dd Downloading [======================>                            ]  18.74MB/41.51MB
 97dd3f0ce510 Downloading [=========================>                         ]  14.46MB/28.86MB
 b0dce9f9a25e Downloading [=====>                                             ]  2.146MB/21.22MB
 b0dce9f9a25e Downloading [======>                                            ]  2.572MB/21.22MB
 4a669bc3e1dd Downloading [=======================>                           ]  19.17MB/41.51MB
 b0dce9f9a25e Downloading [======>                                            ]  2.785MB/21.22MB
 97dd3f0ce510 Downloading [=========================>                         ]  14.76MB/28.86MB
 b0dce9f9a25e Downloading [=======>                                           ]  3.211MB/21.22MB
 4a669bc3e1dd Downloading [=======================>                           ]  19.59MB/41.51MB
 97dd3f0ce510 Downloading [==========================>                        ]  15.05MB/28.86MB
 b0dce9f9a25e Downloading [=========>                                         ]  4.063MB/21.22MB
 b0dce9f9a25e Downloading [==========>                                        ]  4.489MB/21.22MB
 4a669bc3e1dd Downloading [========================>                          ]  20.02MB/41.51MB
 97dd3f0ce510 Downloading [==========================>                        ]  15.35MB/28.86MB
 b0dce9f9a25e Downloading [===========>                                       ]  4.915MB/21.22MB
 b0dce9f9a25e Downloading [=============>                                     ]  5.554MB/21.22MB
 b0dce9f9a25e Downloading [=============>                                     ]  5.767MB/21.22MB
 b0dce9f9a25e Downloading [==============>                                    ]  6.193MB/21.22MB
 b0dce9f9a25e Downloading [===============>                                   ]  6.406MB/21.22MB
 4a669bc3e1dd Downloading [========================>                          ]  20.45MB/41.51MB
 97dd3f0ce510 Downloading [===========================>                       ]  15.64MB/28.86MB
 b0dce9f9a25e Downloading [================>                                  ]  6.832MB/21.22MB
 b0dce9f9a25e Downloading [=================>                                 ]  7.258MB/21.22MB
 b0dce9f9a25e Downloading [==================>                                ]  7.684MB/21.22MB
 b0dce9f9a25e Downloading [===================>                               ]   8.11MB/21.22MB
 4a669bc3e1dd Downloading [=========================>                         ]  20.88MB/41.51MB
 97dd3f0ce510 Downloading [===========================>                       ]  15.94MB/28.86MB
 b0dce9f9a25e Downloading [====================>                              ]  8.536MB/21.22MB
 b0dce9f9a25e Downloading [=====================>                             ]  8.962MB/21.22MB
 b0dce9f9a25e Downloading [======================>                            ]  9.388MB/21.22MB
 b0dce9f9a25e Downloading [=======================>                           ]  9.814MB/21.22MB
 b0dce9f9a25e Downloading [========================>                          ]  10.24MB/21.22MB
 97dd3f0ce510 Downloading [============================>                      ]  16.23MB/28.86MB
 4a669bc3e1dd Downloading [=========================>                         ]   21.3MB/41.51MB
 b0dce9f9a25e Downloading [=========================>                         ]  10.67MB/21.22MB
 b0dce9f9a25e Downloading [=========================>                         ]  10.88MB/21.22MB
 b0dce9f9a25e Downloading [==========================>                        ]   11.3MB/21.22MB
 b0dce9f9a25e Downloading [===========================>                       ]  11.52MB/21.22MB
 b0dce9f9a25e Downloading [============================>                      ]  11.94MB/21.22MB
 b0dce9f9a25e Downloading [============================>                      ]  12.16MB/21.22MB
 97dd3f0ce510 Downloading [============================>                      ]  16.53MB/28.86MB
 b0dce9f9a25e Downloading [==============================>                    ]   12.8MB/21.22MB
 b0dce9f9a25e Downloading [===============================>                   ]  13.22MB/21.22MB
 4a669bc3e1dd Downloading [==========================>                        ]  21.73MB/41.51MB
 b0dce9f9a25e Downloading [================================>                  ]  13.65MB/21.22MB
 b0dce9f9a25e Downloading [=================================>                 ]  14.07MB/21.22MB
 b0dce9f9a25e Downloading [=================================>                 ]  14.29MB/21.22MB
 97dd3f0ce510 Downloading [=============================>                     ]  16.82MB/28.86MB
 b0dce9f9a25e Downloading [==================================>                ]  14.71MB/21.22MB
 4a669bc3e1dd Downloading [==========================>                        ]  22.15MB/41.51MB
 b0dce9f9a25e Downloading [===================================>               ]  15.14MB/21.22MB
 97dd3f0ce510 Downloading [=============================>                     ]  17.12MB/28.86MB
 b0dce9f9a25e Downloading [====================================>              ]  15.56MB/21.22MB
 b0dce9f9a25e Downloading [=====================================>             ]  15.78MB/21.22MB
 4a669bc3e1dd Downloading [===========================>                       ]  22.58MB/41.51MB
 b0dce9f9a25e Downloading [======================================>            ]   16.2MB/21.22MB
 97dd3f0ce510 Downloading [==============================>                    ]  17.41MB/28.86MB
 b0dce9f9a25e Downloading [=======================================>           ]  16.63MB/21.22MB
 4a669bc3e1dd Downloading [===========================>                       ]     23MB/41.51MB
 b0dce9f9a25e Downloading [========================================>          ]  17.06MB/21.22MB
 97dd3f0ce510 Downloading [==============================>                    ]  17.71MB/28.86MB
 b0dce9f9a25e Downloading [========================================>          ]  17.27MB/21.22MB
 b0dce9f9a25e Downloading [=========================================>         ]  17.69MB/21.22MB
 4a669bc3e1dd Downloading [============================>                      ]  23.43MB/41.51MB
 b0dce9f9a25e Downloading [==========================================>        ]  17.91MB/21.22MB
 97dd3f0ce510 Downloading [===============================>                   ]     18MB/28.86MB
 b0dce9f9a25e Downloading [===========================================>       ]  18.33MB/21.22MB
 b0dce9f9a25e Downloading [============================================>      ]  18.76MB/21.22MB
 b0dce9f9a25e Downloading [=============================================>     ]  19.19MB/21.22MB
 b0dce9f9a25e Downloading [==============================================>    ]  19.61MB/21.22MB
 b0dce9f9a25e Downloading [===============================================>   ]  20.04MB/21.22MB
 4a669bc3e1dd Downloading [============================>                      ]  23.86MB/41.51MB
 b0dce9f9a25e Downloading [================================================>  ]  20.46MB/21.22MB
 b0dce9f9a25e Downloading [================================================>  ]  20.68MB/21.22MB
 97dd3f0ce510 Downloading [===============================>                   ]   18.3MB/28.86MB
 b0dce9f9a25e Downloading [=================================================> ]   21.1MB/21.22MB
 b0dce9f9a25e Verifying Checksum 
 b0dce9f9a25e Download complete 
 4a669bc3e1dd Downloading [=============================>                     ]  24.28MB/41.51MB
 97dd3f0ce510 Downloading [================================>                  ]  18.59MB/28.86MB
 4a669bc3e1dd Downloading [=============================>                     ]  24.71MB/41.51MB
 97dd3f0ce510 Downloading [================================>                  ]  18.89MB/28.86MB
 4a669bc3e1dd Downloading [==============================>                    ]  25.13MB/41.51MB
 97dd3f0ce510 Downloading [=================================>                 ]  19.18MB/28.86MB
 4a669bc3e1dd Downloading [==============================>                    ]  25.56MB/41.51MB
 97dd3f0ce510 Downloading [=================================>                 ]  19.48MB/28.86MB
 4a669bc3e1dd Downloading [===============================>                   ]  25.99MB/41.51MB
 97dd3f0ce510 Downloading [==================================>                ]  19.77MB/28.86MB
 4d707a369044 Downloading [==================================================>]     189B/189B
 4d707a369044 Verifying Checksum 
 4d707a369044 Download complete 
 97dd3f0ce510 Downloading [==================================>                ]  20.07MB/28.86MB
 4a669bc3e1dd Downloading [===============================>                   ]  26.41MB/41.51MB
 97dd3f0ce510 Downloading [===================================>               ]  20.36MB/28.86MB
 4a669bc3e1dd Downloading [================================>                  ]  26.84MB/41.51MB
 97dd3f0ce510 Downloading [===================================>               ]  20.66MB/28.86MB
 4a669bc3e1dd Downloading [================================>                  ]  27.26MB/41.51MB
 97dd3f0ce510 Downloading [====================================>              ]  20.95MB/28.86MB
 4a669bc3e1dd Downloading [=================================>                 ]  27.69MB/41.51MB
 97dd3f0ce510 Downloading [====================================>              ]  21.24MB/28.86MB
 4a669bc3e1dd Downloading [=================================>                 ]  28.11MB/41.51MB
 97dd3f0ce510 Downloading [=====================================>             ]  21.54MB/28.86MB
 4a669bc3e1dd Downloading [==================================>                ]  28.54MB/41.51MB
 97dd3f0ce510 Downloading [=====================================>             ]  21.83MB/28.86MB
 4a669bc3e1dd Downloading [==================================>                ]  28.97MB/41.51MB
 97dd3f0ce510 Downloading [======================================>            ]  22.13MB/28.86MB
 ba58438a193e Downloading [==================================================>]     109B/109B
 ba58438a193e Verifying Checksum 
 ba58438a193e Download complete 
 4a669bc3e1dd Downloading [===================================>               ]  29.39MB/41.51MB
 97dd3f0ce510 Downloading [======================================>            ]  22.42MB/28.86MB
 4a669bc3e1dd Downloading [===================================>               ]  29.82MB/41.51MB
 97dd3f0ce510 Downloading [=======================================>           ]  22.72MB/28.86MB
 97dd3f0ce510 Downloading [=======================================>           ]  23.01MB/28.86MB
 4a669bc3e1dd Downloading [====================================>              ]  30.24MB/41.51MB
 97dd3f0ce510 Downloading [========================================>          ]  23.31MB/28.86MB
 4a669bc3e1dd Downloading [====================================>              ]  30.67MB/41.51MB
 97dd3f0ce510 Downloading [========================================>          ]   23.6MB/28.86MB
 4a669bc3e1dd Downloading [=====================================>             ]   31.1MB/41.51MB
 97dd3f0ce510 Downloading [=========================================>         ]   23.9MB/28.86MB
 2b6c30257d7d Downloading [==================================================>]     619B/619B
 2b6c30257d7d Verifying Checksum 
 2b6c30257d7d Download complete 
 4a669bc3e1dd Downloading [=====================================>             ]  31.52MB/41.51MB
 97dd3f0ce510 Downloading [=========================================>         ]  24.19MB/28.86MB
 4a669bc3e1dd Downloading [======================================>            ]  31.95MB/41.51MB
 97dd3f0ce510 Downloading [==========================================>        ]  24.49MB/28.86MB
 4a669bc3e1dd Downloading [======================================>            ]  32.37MB/41.51MB
 97dd3f0ce510 Downloading [==========================================>        ]  24.78MB/28.86MB
 97dd3f0ce510 Downloading [===========================================>       ]  25.08MB/28.86MB
 4a669bc3e1dd Downloading [=======================================>           ]   32.8MB/41.51MB
 97dd3f0ce510 Downloading [===========================================>       ]  25.37MB/28.86MB
 4a669bc3e1dd Downloading [========================================>          ]  33.22MB/41.51MB
 97dd3f0ce510 Downloading [============================================>      ]  25.67MB/28.86MB
 c64be2c4c916 Downloading [==================================================>]     832B/832B
 c64be2c4c916 Verifying Checksum 
 c64be2c4c916 Download complete 
 4a669bc3e1dd Downloading [========================================>          ]  33.65MB/41.51MB
 97dd3f0ce510 Downloading [============================================>      ]  25.96MB/28.86MB
 4a669bc3e1dd Downloading [=========================================>         ]  34.07MB/41.51MB
 97dd3f0ce510 Downloading [=============================================>     ]  26.26MB/28.86MB
 97dd3f0ce510 Downloading [==============================================>    ]  26.55MB/28.86MB
 4a669bc3e1dd Downloading [=========================================>         ]   34.5MB/41.51MB
 97dd3f0ce510 Downloading [==============================================>    ]  26.85MB/28.86MB
 4a669bc3e1dd Downloading [==========================================>        ]  34.93MB/41.51MB
 97dd3f0ce510 Downloading [===============================================>   ]  27.14MB/28.86MB
 4a669bc3e1dd Downloading [==========================================>        ]  35.35MB/41.51MB
 97dd3f0ce510 Downloading [===============================================>   ]  27.44MB/28.86MB
 4a669bc3e1dd Downloading [===========================================>       ]  35.78MB/41.51MB
 e93d97eeeeb8 Downloading [>                                                  ]  124.7kB/12.33MB
 97dd3f0ce510 Downloading [================================================>  ]  27.73MB/28.86MB
 e93d97eeeeb8 Downloading [=>                                                 ]  252.6kB/12.33MB
 4a669bc3e1dd Downloading [===========================================>       ]   36.2MB/41.51MB
 e93d97eeeeb8 Downloading [=>                                                 ]  376.8kB/12.33MB
 97dd3f0ce510 Downloading [================================================>  ]  28.03MB/28.86MB
 e93d97eeeeb8 Downloading [==>                                                ]  507.9kB/12.33MB
 4a669bc3e1dd Downloading [============================================>      ]  36.63MB/41.51MB
 97dd3f0ce510 Downloading [=================================================> ]  28.32MB/28.86MB
 e93d97eeeeb8 Downloading [===>                                               ]    770kB/12.33MB
 e93d97eeeeb8 Downloading [===>                                               ]  901.1kB/12.33MB
 97dd3f0ce510 Downloading [=================================================> ]  28.62MB/28.86MB
 4a669bc3e1dd Downloading [============================================>      ]  37.06MB/41.51MB
 e93d97eeeeb8 Downloading [====>                                              ]  1.163MB/12.33MB
 97dd3f0ce510 Verifying Checksum 
 97dd3f0ce510 Download complete 
 97dd3f0ce510 Extracting [>                                                  ]  294.9kB/28.86MB
 4a669bc3e1dd Downloading [=============================================>     ]  37.49MB/41.51MB
 e93d97eeeeb8 Downloading [=====>                                             ]  1.425MB/12.33MB
 97dd3f0ce510 Extracting [============>                                      ]  7.078MB/28.86MB
 e93d97eeeeb8 Downloading [======>                                            ]  1.688MB/12.33MB
 97dd3f0ce510 Extracting [=================>                                 ]  10.32MB/28.86MB
 4a669bc3e1dd Downloading [=============================================>     ]  37.91MB/41.51MB
 97dd3f0ce510 Extracting [====================================>              ]  20.94MB/28.86MB
 e93d97eeeeb8 Downloading [=======>                                           ]   1.95MB/12.33MB
 4a669bc3e1dd Downloading [==============================================>    ]  38.34MB/41.51MB
 e93d97eeeeb8 Downloading [========>                                          ]  2.212MB/12.33MB
 97dd3f0ce510 Extracting [=========================================>         ]  24.18MB/28.86MB
 e93d97eeeeb8 Downloading [==========>                                        ]  2.474MB/12.33MB
 97dd3f0ce510 Extracting [===============================================>   ]  27.43MB/28.86MB
 4a669bc3e1dd Downloading [==============================================>    ]  38.76MB/41.51MB
 97dd3f0ce510 Extracting [==================================================>]  28.86MB/28.86MB
 e93d97eeeeb8 Downloading [===========>                                       ]  2.736MB/12.33MB
 4a669bc3e1dd Downloading [===============================================>   ]  39.19MB/41.51MB
 e93d97eeeeb8 Downloading [============>                                      ]  2.998MB/12.33MB
 97dd3f0ce510 Pull complete 
 e93d97eeeeb8 Downloading [=============>                                     ]   3.26MB/12.33MB
 4a669bc3e1dd Downloading [===============================================>   ]  39.62MB/41.51MB
 e93d97eeeeb8 Downloading [=============>                                     ]  3.391MB/12.33MB
 e93d97eeeeb8 Downloading [==============>                                    ]  3.654MB/12.33MB
 4a669bc3e1dd Downloading [================================================>  ]  40.04MB/41.51MB
 e93d97eeeeb8 Downloading [===============>                                   ]  3.916MB/12.33MB
 4a669bc3e1dd Downloading [================================================>  ]  40.47MB/41.51MB
 e93d97eeeeb8 Downloading [================>                                  ]  4.178MB/12.33MB
 e93d97eeeeb8 Downloading [=================>                                 ]  4.309MB/12.33MB
 4a669bc3e1dd Downloading [=================================================> ]  40.89MB/41.51MB
 e93d97eeeeb8 Downloading [==================>                                ]  4.571MB/12.33MB
 4a669bc3e1dd Downloading [=================================================> ]  41.32MB/41.51MB
 e93d97eeeeb8 Downloading [===================>                               ]  4.833MB/12.33MB
 4a669bc3e1dd Verifying Checksum 
 4a669bc3e1dd Download complete 
 4a669bc3e1dd Extracting [>                                                  ]    426kB/41.51MB
 e93d97eeeeb8 Downloading [=====================>                             ]  5.226MB/12.33MB
 4a669bc3e1dd Extracting [=============>                                     ]   11.5MB/41.51MB
 e93d97eeeeb8 Downloading [======================>                            ]   5.62MB/12.33MB
 4a669bc3e1dd Extracting [===========================>                       ]  22.58MB/41.51MB
 4a669bc3e1dd Extracting [===================================>               ]  29.82MB/41.51MB
 e93d97eeeeb8 Downloading [========================>                          ]  6.013MB/12.33MB
 4a669bc3e1dd Extracting [==================================================>]  41.51MB/41.51MB
 4a669bc3e1dd Pull complete 
 908453a3b3f1 Extracting [>                                                  ]   98.3kB/7.148MB
 e93d97eeeeb8 Downloading [=========================>                         ]  6.406MB/12.33MB
 908453a3b3f1 Extracting [==================================================>]  7.148MB/7.148MB
 908453a3b3f1 Pull complete 
 dee3d7bda3a2 Extracting [==================================================>]   9.41kB/9.41kB
 dee3d7bda3a2 Extracting [==================================================>]   9.41kB/9.41kB
 dee3d7bda3a2 Pull complete 
 b0dce9f9a25e Extracting [>                                                  ]  229.4kB/21.22MB
 e93d97eeeeb8 Downloading [===========================>                       ]  6.668MB/12.33MB
 b0dce9f9a25e Extracting [===================>                               ]  8.258MB/21.22MB
 e93d97eeeeb8 Downloading [=============================>                     ]  7.193MB/12.33MB
 b0dce9f9a25e Extracting [===================================>               ]  14.91MB/21.22MB
 e93d97eeeeb8 Downloading [==============================>                    ]  7.586MB/12.33MB
 b0dce9f9a25e Extracting [============================================>      ]  19.04MB/21.22MB
 e93d97eeeeb8 Downloading [================================>                  ]   8.11MB/12.33MB
 b0dce9f9a25e Extracting [=================================================> ]  20.87MB/21.22MB
 b0dce9f9a25e Extracting [==================================================>]  21.22MB/21.22MB
 b0dce9f9a25e Pull complete 
 4d707a369044 Extracting [==================================================>]     189B/189B
 4d707a369044 Extracting [==================================================>]     189B/189B
 4d707a369044 Pull complete 
 ba58438a193e Extracting [==================================================>]     109B/109B
 ba58438a193e Extracting [==================================================>]     109B/109B
 ba58438a193e Pull complete 
 2b6c30257d7d Extracting [==================================================>]     619B/619B
 2b6c30257d7d Extracting [==================================================>]     619B/619B
 2b6c30257d7d Pull complete 
 c64be2c4c916 Extracting [==================================================>]     832B/832B
 c64be2c4c916 Extracting [==================================================>]     832B/832B
 c64be2c4c916 Pull complete 
 e93d97eeeeb8 Downloading [==================================>                ]  8.503MB/12.33MB
 e93d97eeeeb8 Downloading [===================================>               ]  8.765MB/12.33MB
 e93d97eeeeb8 Downloading [=====================================>             ]   9.29MB/12.33MB
 e93d97eeeeb8 Downloading [=======================================>           ]  9.683MB/12.33MB
 e93d97eeeeb8 Downloading [========================================>          ]  10.08MB/12.33MB
 e93d97eeeeb8 Downloading [==========================================>        ]  10.46MB/12.33MB
 e93d97eeeeb8 Downloading [============================================>      ]  10.86MB/12.33MB
 e93d97eeeeb8 Downloading [=============================================>     ]  11.26MB/12.33MB
 e93d97eeeeb8 Downloading [===============================================>   ]  11.78MB/12.33MB
 e93d97eeeeb8 Downloading [=================================================> ]  12.17MB/12.33MB
 e93d97eeeeb8 Verifying Checksum 
 e93d97eeeeb8 Download complete 
 e93d97eeeeb8 Extracting [>                                                  ]  131.1kB/12.33MB
 e93d97eeeeb8 Extracting [====================>                              ]  5.112MB/12.33MB
 e93d97eeeeb8 Extracting [===============================>                   ]  7.864MB/12.33MB
 e93d97eeeeb8 Extracting [===============================================>   ]  11.67MB/12.33MB
 e93d97eeeeb8 Extracting [==================================================>]  12.33MB/12.33MB
 e93d97eeeeb8 Pull complete 
 rabbitmq Pulled 
 Network zt-event-gateway_default  Creating
 Network zt-event-gateway_default  Created
 Volume "zt-event-gateway_rabbitmq_data"  Creating
 Volume "zt-event-gateway_rabbitmq_data"  Created
 Volume "zt-event-gateway_spire-agent-sockets"  Creating
 Volume "zt-event-gateway_spire-agent-sockets"  Created
 Container zt-rabbitmq  Creating
 Container zt-rabbitmq  Created
 Container zt-gateway  Creating
 Container zt-gateway  Created
 Container zt-rabbitmq  Starting
 Container zt-rabbitmq  Started
 Container zt-rabbitmq  Waiting
 Container zt-rabbitmq  Healthy
 Container zt-gateway  Starting
 Container zt-gateway  Started
[e2e-gateway] 14:07:13 waiting for rabbitmq management API
[e2e-gateway] 14:07:14 waiting for gateway health endpoint
[PASS] gateway is healthy
[e2e-gateway] 14:07:14 purging request queue=order_queue
[e2e-gateway] 14:07:14 phase 1: publish order to gateway (trace=e2e-ingress-1775282834-78739-9726)
[PASS] gateway accepted canonicalizable request and returned trace_id
[PASS] request queue contains canonical ingress payload with SPIFFE metadata
[PASS] request queue consumed trace after requeue verification
[e2e-gateway] 14:07:14 phase 1b: invalid JSON validation (trace=e2e-invalid-json-1775282834-78739-1066)
[PASS] invalid JSON returns 400 and does not enter queue
[e2e-gateway] 14:07:14 phase 1c: missing required fields validation (trace=e2e-missing-fields-1775282834-78739-22447)
[PASS] missing required fields returns 4xx and does not enter queue
[e2e-gateway] 14:07:14 starting php-worker
 Container zt-rabbitmq  Running
 Container zt-php-worker  Creating
 Container zt-php-worker  Created
 Container zt-rabbitmq  Waiting
 Container zt-rabbitmq  Healthy
 Container zt-php-worker  Starting
 Container zt-php-worker  Started
[PASS] php-worker is listening
[e2e-gateway] 14:07:15 phase 2: publish order and check worker forwarding logs (trace=e2e-worker-1775282835-78739-32442)
[PASS] worker consumed trusted request and published downstream event
[e2e-gateway] 14:07:15 phase 3: publish forged untrusted source message
[PASS] untrusted SPIFFE source is dropped and does not trigger requeue storm
[PASS] end-to-end gateway flow test passed
[e2e-gateway] 14:07:19 tearing down environment
