Compose can now delegate builds to bake for better performance.
 To do so, set COMPOSE_BAKE=true.
#0 building with "desktop-linux" instance using docker driver

#1 [php-worker internal] load build definition from Dockerfile
#1 transferring dockerfile: 1.00kB done
#1 DONE 0.0s

#2 [gateway internal] load build definition from Dockerfile
#2 transferring dockerfile: 1.00kB done
#2 DONE 0.0s

#3 [gateway internal] load metadata for docker.io/library/php:8.3-cli-bookworm
#3 DONE 1.0s

#4 [php-worker internal] load metadata for docker.io/library/composer:2.8
#4 DONE 1.0s

#5 [php-worker internal] load .dockerignore
#5 transferring context: 239B done
#5 DONE 0.0s

#6 [gateway internal] load .dockerignore
#6 transferring context: 239B done
#6 DONE 0.0s

#7 [php-worker vendor 1/6] FROM docker.io/library/composer:2.8@sha256:5248900ab8b5f7f880c2d62180e40960cd87f60149ec9a1abfd62ac72a02577c
#7 DONE 0.0s

#8 [php-worker stage-1 1/8] FROM docker.io/library/php:8.3-cli-bookworm@sha256:82d06630d1cf6d3e7c6fb24a4693a4c00e7aa828281e5455e96189240441b499
#8 DONE 0.0s

#9 [gateway internal] load build context
#9 transferring context: 730.35kB 0.3s done
#9 DONE 0.3s

#10 [php-worker internal] load build context
#10 transferring context: 736.92kB 0.3s done
#10 DONE 0.3s

#11 [php-worker vendor 6/6] RUN composer update --no-interaction --prefer-dist --no-progress --optimize-autoloader     --no-scripts --ignore-platform-req=ext-swoole --ignore-platform-req=ext-swow
#11 CACHED

#12 [php-worker vendor 3/6] RUN apk add --no-cache linux-headers && docker-php-ext-install sockets pcntl
#12 CACHED

#13 [php-worker vendor 5/6] COPY packages/ packages/
#13 CACHED

#14 [php-worker vendor 4/6] COPY composer.json ./
#14 CACHED

#15 [php-worker vendor 2/6] WORKDIR /app
#15 CACHED

#16 [gateway stage-1 3/8] RUN apt-get update && apt-get install -y --no-install-recommends         git unzip curl procps libssl-dev libcurl4-openssl-dev     && rm -rf /var/lib/apt/lists/*
#16 CACHED

#17 [gateway stage-1 4/8] RUN docker-php-ext-install sockets pcntl
#17 CACHED

#18 [gateway stage-1 5/8] RUN pecl install openswoole && docker-php-ext-enable openswoole
#18 CACHED

#19 [gateway stage-1 6/8] RUN pecl install protobuf && docker-php-ext-enable protobuf
#19 CACHED

#20 [gateway stage-1 2/8] WORKDIR /app
#20 CACHED

#21 [gateway stage-1 7/8] COPY --from=vendor /app/vendor /app/vendor
#21 CACHED

#22 [gateway stage-1 8/8] COPY . .
#22 DONE 0.9s

#23 [php-worker] exporting to image
#23 exporting layers
#23 exporting layers 0.3s done
#23 writing image sha256:ce9d495963b98b0678a27580eb5be03b33cf64bb9262e578985db8fe1c8001af done
#23 naming to docker.io/library/zt-event-gateway-php-worker done
#23 DONE 0.3s

#24 [gateway] exporting to image
#24 exporting layers 0.3s done
#24 writing image sha256:a751113b5a92a61d0ab91f07d0eec34104d2f4bba86c02f64dab8a977ee9d6d9 done
#24 naming to docker.io/library/zt-event-gateway-gateway done
#24 DONE 0.3s

#25 [php-worker] resolving provenance for metadata file
#25 DONE 0.0s

#26 [gateway] resolving provenance for metadata file
#26 DONE 0.0s
 gateway  Built
 php-worker  Built
